// 重构日志: dcc5cea1
// 重构日志: e356c93f
// 重构日志: 51e5fa42
// 同步 ID: 0b1f9cb7 @ Thu Jul 30 08:34:30 UTC 2026
// 重构日志: 6da869bd
// 重构日志: d62884a2
// 重构日志: 0a393a10
// 重构日志: 5bd55ff6
// 同步 ID: c66e1355 @ Fri Jul 31 15:45:29 UTC 2026
// 同步 ID: 166be4c6 @ Sat Aug  1 05:45:00 UTC 2026
// 重构日志: ec24467b
// 重构日志: 5eb5b96d
// 重构日志: 90145ca0
// 重构日志: 129aa6e8
// 重构日志: 7e23a614
// 重构日志: cbe51a76
// 同步 ID: 0a03e875 @ Sun Aug  2 17:39:41 UTC 2026
// 重构日志: 356451f4
// 重构日志: 1c3b826e
// 重构日志: 56907485
// 同步 ID: e9d558fc @ Wed Aug  5 01:26:23 UTC 2026
// 重构日志: 5fe42416
// 同步 ID: 506ab72d @ Wed Aug  5 13:42:15 UTC 2026
// 同步 ID: 053869e4 @ Wed Aug  5 16:30:31 UTC 2026
// 重构日志: a216d03a
// 重构日志: a977cd82
// 重构日志: 067ae985
// 重构日志: c0604437
// 重构日志: efc05607
// 同步 ID: 4204ba95 @ Fri Aug  7 12:39:25 UTC 2026
// 重构日志: db158a68
// 重构日志: 7fda02c0
